PHP Warning:  PHP Startup: Unable to load dynamic library 'modules/htest.so' - modules/htest.so: cannot open shared object file: No such file or directory in Unknown on line 0

Warning: PHP Startup: Unable to load dynamic library 'modules/htest.so' - modules/htest.so: cannot open shared object file: No such file or directory in Unknown on line 0
PHP Warning:  PHP Startup: Unable to load dynamic library 'modules/curl.so' - modules/curl.so: cannot open shared object file: No such file or directory in Unknown on line 0

Warning: PHP Startup: Unable to load dynamic library 'modules/curl.so' - modules/curl.so: cannot open shared object file: No such file or directory in Unknown on line 0
PHP Warning:  PHP Startup: Unable to load dynamic library 'modules/gd.so' - modules/gd.so: cannot open shared object file: No such file or directory in Unknown on line 0

Warning: PHP Startup: Unable to load dynamic library 'modules/gd.so' - modules/gd.so: cannot open shared object file: No such file or directory in Unknown on line 0
PHP Warning:  PHP Startup: Unable to load dynamic library 'modules/mcrypt.so' - modules/mcrypt.so: cannot open shared object file: No such file or directory in Unknown on line 0

Warning: PHP Startup: Unable to load dynamic library 'modules/mcrypt.so' - modules/mcrypt.so: cannot open shared object file: No such file or directory in Unknown on line 0
PHP Warning:  PHP Startup: Unable to load dynamic library 'modules/memcache.so' - modules/memcache.so: cannot open shared object file: No such file or directory in Unknown on line 0

Warning: PHP Startup: Unable to load dynamic library 'modules/memcache.so' - modules/memcache.so: cannot open shared object file: No such file or directory in Unknown on line 0
PHP Warning:  PHP Startup: Unable to load dynamic library 'modules/mysql.so' - modules/mysql.so: cannot open shared object file: No such file or directory in Unknown on line 0

Warning: PHP Startup: Unable to load dynamic library 'modules/mysql.so' - modules/mysql.so: cannot open shared object file: No such file or directory in Unknown on line 0
PHP Warning:  PHP Startup: Unable to load dynamic library 'modules/mysqli.so' - modules/mysqli.so: cannot open shared object file: No such file or directory in Unknown on line 0

Warning: PHP Startup: Unable to load dynamic library 'modules/mysqli.so' - modules/mysqli.so: cannot open shared object file: No such file or directory in Unknown on line 0
PHP Warning:  PHP Startup: Unable to load dynamic library 'modules/pdo.so' - modules/pdo.so: cannot open shared object file: No such file or directory in Unknown on line 0

Warning: PHP Startup: Unable to load dynamic library 'modules/pdo.so' - modules/pdo.so: cannot open shared object file: No such file or directory in Unknown on line 0
PHP Warning:  PHP Startup: Unable to load dynamic library 'modules/pdo_mysql.so' - modules/pdo_mysql.so: cannot open shared object file: No such file or directory in Unknown on line 0

Warning: PHP Startup: Unable to load dynamic library 'modules/pdo_mysql.so' - modules/pdo_mysql.so: cannot open shared object file: No such file or directory in Unknown on line 0
PHP Warning:  PHP Startup: Unable to load dynamic library 'modules/syck.so' - modules/syck.so: cannot open shared object file: No such file or directory in Unknown on line 0

Warning: PHP Startup: Unable to load dynamic library 'modules/syck.so' - modules/syck.so: cannot open shared object file: No such file or directory in Unknown on line 0
PHP Warning:  PHP Startup: Unable to load dynamic library 'modules/tidy.so' - modules/tidy.so: cannot open shared object file: No such file or directory in Unknown on line 0

Warning: PHP Startup: Unable to load dynamic library 'modules/tidy.so' - modules/tidy.so: cannot open shared object file: No such file or directory in Unknown on line 0
PHP Warning:  Module 'slowphp' already loaded in Unknown on line 0

Warning: Module 'slowphp' already loaded in Unknown on line 0
slowphp extension is available